{
    "-profile test": {
        "content": [
            [
                
            ],
            [
                
            ]
        ],
        "timestamp": "2026-06-01T12:09:55.215632854",
        "meta": {
            "nf-test": "0.9.4",
            "nextflow": "26.04.3"
        }
    },
    "versions": {
        "content": [
            {
                "BCFTOOLS_FILTER_CLAIR3": {
                    "bcftools": 1.22
                },
                "BCFTOOLS_FILTER_SV": {
                    "bcftools": 1.22
                },
                "BCFTOOLS_REHEADER_JASMINE": {
                    "bcftools": 1.22
                },
                "BCFTOOLS_SORT_JASMINE": {
                    "bcftools": 1.22
                },
                "BCFTOOLS_VIEW_JASMINE": {
                    "bcftools": 1.22
                },
                "CLAIR3": {
                    "clair3": "1.2.0"
                },
                "CUTESV": {
                    "cuteSV": "2.0.2"
                },
                "DOWNSAMPLE_SV": {
                    "bcftools": 1.22,
                    "tabix": 1.22,
                    "python": "3.13.5"
                },
                "GUNZIP_CUTESV": {
                    "gunzip": 1.13
                },
                "GUNZIP_SVIM": {
                    "gunzip": 1.13
                },
                "JASMINESV": {
                    "jasminesv": "1.1.5",
                    "bgzip": "1.15.1"
                },
                "LONGPHASE_HAPLOTAG": {
                    "longphase": 2.0
                },
                "LONGPHASE_PHASE": {
                    "longphase": 2.0
                },
                "MINIMAP2_ALIGN": {
                    "minimap2": "2.29-r1283"
                },
                "MINIMAP2_INDEX": {
                    "minimap2": "2.29-r1283"
                },
                "MOSDEPTH": {
                    "mosdepth": "0.3.11"
                },
                "MOSDEPTH_COV": {
                    "mosdepth": "0.3.11"
                },
                "MULTIQC_MOSDEPTH": {
                    "multiqc": 1.33
                },
                "SAMTOOLS_FAIDX": {
                    "samtools": "1.22.1"
                },
                "SAMTOOLS_FASTQ": {
                    "samtools": "1.22.1"
                },
                "SAMTOOLS_FLAGSTAT": {
                    "samtools": "1.22.1"
                },
                "SAMTOOLS_IDXSTATS": {
                    "samtools": "1.22.1"
                },
                "SAMTOOLS_INDEX_HAPLOTAG": {
                    "samtools": "1.22.1"
                },
                "SAMTOOLS_STATS": {
                    "samtools": "1.22.1"
                },
                "SNIFFLES": {
                    "sniffles": 2.4
                },
                "SNIFFLES_UNPHASED": {
                    "sniffles": 2.4
                },
                "SNPEFF_DOWNLOAD": {
                    "snpeff": "5.4c"
                },
                "SNPEFF_SNPEFF": {
                    "snpeff": "5.4c"
                },
                "SPECTRE_CNVCALLER": {
                    "spectre": "0.3.2"
                },
                "STRAGLR": {
                    "straglr": "1.4.5"
                },
                "STRANGER": {
                    "stranger": "0.10.0",
                    "tabix": "1.22.1"
                },
                "SVIM_ALIGNMENT": {
                    "svim": "2.0.0"
                },
                "TABIX_JASMINE": {
                    "tabix": 1.21
                },
                "Workflow": {
                    "nf-core/longraredisease": "v1.0.0",
                    "Nextflow": "26.04.3"
                }
            }
        ],
        "timestamp": "2026-06-01T12:52:31.012313708",
        "meta": {
            "nf-test": "0.9.4",
            "nextflow": "26.04.3"
        }
    }
}