{
    "trio snf files, sdf, samplesheet, fasta, ped - stub": {
        "content": [
            [
                [
                    {
                        "id": "FAM001",
                        "variant_type": "sv"
                    },
                    "FAM001_mendelian.vcf.gz"
                ]
            ],
            [
                [
                    {
                        "id": "FAM001",
                        "variant_type": "sv"
                    },
                    "FAM001_denovo.vcf.gz"
                ]
            ]
        ],
        "timestamp": "2026-05-31T17:06:38.43180735",
        "meta": {
            "nf-test": "0.9.4",
            "nextflow": "25.10.4"
        }
    }
}