{
    "minimap2": {
        "content": [
            [
                [
                    "bam:",
                    {
                        "id": "test"
                    },
                    "test.aligned.bam"
                ]
            ],
            [
                [
                    "bai:",
                    {
                        "id": "test"
                    },
                    "test.aligned.bam.bai"
                ]
            ]
        ],
        "timestamp": "2026-03-15T17:33:11.630206817",
        "meta": {
            "nf-test": "0.9.4",
            "nextflow": "25.10.4"
        }
    },
    "minimap2 - stub": {
        "content": [
            [
                [
                    "bam:",
                    {
                        "id": "test"
                    },
                    "test.aligned.bam"
                ]
            ],
            [
                [
                    "bai:",
                    {
                        "id": "test"
                    },
                    "test.aligned.bam.bai"
                ]
            ]
        ],
        "timestamp": "2026-03-15T17:33:18.777791585",
        "meta": {
            "nf-test": "0.9.4",
            "nextflow": "25.10.4"
        }
    }
}