{
    "Run Straglr": {
        "content": [
            [
                [
                    "vcf:",
                    {
                        "id": "test_nanopore"
                    },
                    "test_nanopore_annotated_vcf.vcf.gz"
                ]
            ]
        ],
        "timestamp": "2026-03-18T11:52:02.063224459",
        "meta": {
            "nf-test": "0.9.4",
            "nextflow": "25.10.4"
        }
    },
    "Run Straglr - stub": {
        "content": [
            [
                [
                    "vcf:",
                    {
                        "id": "test_nanopore"
                    },
                    "test_nanopore_annotated_vcf.vcf.gz"
                ]
            ]
        ],
        "timestamp": "2026-03-18T11:52:17.916442742",
        "meta": {
            "nf-test": "0.9.4",
            "nextflow": "25.10.4"
        }
    }
}