{
    "single bam - stub": {
        "content": [
            [
                [
                    "other_fastq:",
                    {
                        "id": "test"
                    },
                    "test_other.fastq.gz"
                ]
            ]
        ],
        "timestamp": "2026-03-15T18:04:39.065663517",
        "meta": {
            "nf-test": "0.9.4",
            "nextflow": "25.10.4"
        }
    },
    "single bam - converts to fastq": {
        "content": [
            [
                [
                    "other_fastq:",
                    {
                        "id": "test"
                    },
                    "test_other.fastq.gz"
                ]
            ]
        ],
        "timestamp": "2026-03-15T18:04:30.503427072",
        "meta": {
            "nf-test": "0.9.4",
            "nextflow": "25.10.4"
        }
    },
    "multiple bams - stub": {
        "content": [
            [
                [
                    "other_fastq:",
                    "empty"
                ]
            ]
        ],
        "timestamp": "2026-03-15T18:04:43.772584944",
        "meta": {
            "nf-test": "0.9.4",
            "nextflow": "25.10.4"
        }
    },
    "multiple bams - merges then converts to fastq": {
        "content": [
            [
                [
                    "other_fastq:",
                    "empty"
                ]
            ]
        ],
        "timestamp": "2026-03-15T18:04:33.372579402",
        "meta": {
            "nf-test": "0.9.4",
            "nextflow": "25.10.4"
        }
    }
}